[1m[91mI001 [0m[[1m[96m*[0m] [1mImport block is un-sorted or un-formatted[0m
 [1m[94m-->[0m tests/test_core/test_entrypoint_symbol_binding_contract.py:1:1
  [1m[94m|[0m
[1m[94m1 |[0m [1m[91m/[0m from __future__ import annotations
[1m[94m2 |[0m [1m[91m|[0m
[1m[94m3 |[0m [1m[91m|[0m import importlib
[1m[94m4 |[0m [1m[91m|[0m import sys
[1m[94m5 |[0m [1m[91m|[0m from typing import Mapping
[1m[94m6 |[0m [1m[91m|[0m
[1m[94m7 |[0m [1m[91m|[0m import pytest
[1m[94m8 |[0m [1m[91m|[0m
[1m[94m9 |[0m [1m[91m|[0m import lirix
  [1m[94m|[0m [1m[91m|____________^[0m
  [1m[94m|[0m
[1m[96mhelp[0m: [1mOrganize imports[0m

[1m[91mSIM102 [0m[1mUse a single `if` statement instead of nested `if` statements[0m
   [1m[94m-->[0m tools/contract_manifest_gate.py:423:17
    [1m[94m|[0m
[1m[94m421 |[0m                   ):
[1m[94m422 |[0m                       continue
[1m[94m423 |[0m [1m[91m/[0m                 if isinstance(value_expr, ast.Call):
[1m[94m424 |[0m [1m[91m|[0m                     if (
[1m[94m425 |[0m [1m[91m|[0m                         isinstance(value_expr.func, ast.Attribute)
[1m[94m426 |[0m [1m[91m|[0m                         and isinstance(value_expr.func.value, ast.Name)
[1m[94m427 |[0m [1m[91m|[0m                         and value_expr.func.value.id == alias
[1m[94m428 |[0m [1m[91m|[0m                         and value_expr.func.attr == "get"
[1m[94m429 |[0m [1m[91m|[0m                         and len(value_expr.args) >= 1
[1m[94m430 |[0m [1m[91m|[0m                         and isinstance(value_expr.args[0], ast.Constant)
[1m[94m431 |[0m [1m[91m|[0m                         and value_expr.args[0].value == "value"
[1m[94m432 |[0m [1m[91m|[0m                     ):
    [1m[94m|[0m [1m[91m|______________________^[0m
[1m[94m433 |[0m                           return True
[1m[94m434 |[0m                   if isinstance(value_expr, ast.Subscript) and _is_result_subscript(
    [1m[94m|[0m
[1m[96mhelp[0m: [1mCombine `if` statements using `and`[0m

[1m[91mSIM102 [0m[1mUse a single `if` statement instead of nested `if` statements[0m
   [1m[94m-->[0m tools/contract_manifest_gate.py:456:21
    [1m[94m|[0m
[1m[94m454 |[0m                   if isinstance(value, ast.Subscript):
[1m[94m455 |[0m                       base = value.value
[1m[94m456 |[0m [1m[91m/[0m                     if isinstance(base, ast.Name) and base.id in result_aliases:
[1m[94m457 |[0m [1m[91m|[0m                         if (
[1m[94m458 |[0m [1m[91m|[0m                             isinstance(value.slice, ast.Constant)
[1m[94m459 |[0m [1m[91m|[0m                             and value.slice.value == "tx_payload"
[1m[94m460 |[0m [1m[91m|[0m                         ) or (
[1m[94m461 |[0m [1m[91m|[0m                             isinstance(value.slice, ast.Index)
[1m[94m462 |[0m [1m[91m|[0m                             and isinstance(value.slice.value, ast.Constant)
[1m[94m463 |[0m [1m[91m|[0m                             and value.slice.value.value == "tx_payload"
[1m[94m464 |[0m [1m[91m|[0m                         ):
    [1m[94m|[0m [1m[91m|__________________________^[0m
[1m[94m465 |[0m                               tx_payload_aliases.add(target.id)
[1m[94m466 |[0m                   if isinstance(value, ast.Dict):
    [1m[94m|[0m
[1m[96mhelp[0m: [1mCombine `if` statements using `and`[0m

Found 3 errors.
[[36m*[0m] 1 fixable with the `--fix` option (1 hidden fix can be enabled with the `--unsafe-fixes` option).
