============================= test session starts ==============================
platform darwin -- Python 3.12.13, pytest-9.0.3, pluggy-1.6.0
rootdir: /Users/dingjunqing/Desktop/Lirix
configfile: pyproject.toml
plugins: cov-7.1.0, asyncio-1.3.0, anyio-4.13.0
asyncio: mode=Mode.AUTO, debug=False, asyncio_default_fixture_loop_scope=None, asyncio_default_test_loop_scope=function
collected 809 items

tests/integrations/test_autogen_tool.py ...                              [  0%]
tests/integrations/test_autogen_tool_autogen_lirix_validate_intent_returns_plain_result_string.py . [  0%]
.                                                                        [  0%]
tests/integrations/test_langchain_tool.py .....                          [  1%]
tests/integrations/test_langchain_tool_coerce_policy_accepts_model_dump_mapping.py . [  1%]
..                                                                       [  1%]
tests/integrations/test_langchain_tool_coerce_policy_supports_mapping_model_dump.py . [  1%]
..                                                                       [  1%]
tests/integrations/test_langchain_tool_fallback_basetool_sets_attributes_from_kwargs.py . [  2%]
..                                                                       [  2%]
tests/integrations/test_langchain_tool_optional_deps_fail_closed.py .    [  2%]
tests/test_core/test_agent_feedback_reason_taxonomy_closure.py ......    [  3%]
tests/test_core/test_audit_logger.py ......                              [  3%]
tests/test_core/test_builder.py ...                                      [  4%]
tests/test_core/test_builder_builder_normalize_draft_path.py ....        [  4%]
tests/test_core/test_canonical_semantics.py ...........                  [  6%]
tests/test_core/test_chain_adapter_profiles.py .....                     [  6%]
tests/test_core/test_chain_profile_config_fallback_updates.py ....       [  7%]
tests/test_core/test_compat.py ..                                        [  7%]
tests/test_core/test_config.py ................................          [ 11%]
tests/test_core/test_config_authority_precedence.py ........             [ 12%]
tests/test_core/test_config_governance_overlap_guards.py ........        [ 13%]
tests/test_core/test_constants.py .                                      [ 13%]
tests/test_core/test_constants_build_agent_resolution_minimal_branch_hook_constants.py . [ 13%]
                                                                         [ 13%]
tests/test_core/test_coverage_closure_v16.py .........                   [ 14%]
tests/test_core/test_coverage_tail_closure.py .......................... [ 18%]
.................                                                        [ 20%]
tests/test_core/test_decoder_registry_full_coverage.py ...............   [ 22%]
tests/test_core/test_entrypoint_symbol_binding_contract.py ...           [ 22%]
tests/test_core/test_entrypoints.py ....                                 [ 22%]
tests/test_core/test_evidence_models.py .                                [ 22%]
tests/test_core/test_exception_type_lattice.py ......................... [ 26%]
....                                                                     [ 26%]
tests/test_core/test_exceptions.py ..                                    [ 26%]
tests/test_core/test_exceptions_exception_adapter_defaults_subclasses.py . [ 26%]
.                                                                        [ 27%]
tests/test_core/test_exceptions_legacy_context_is_normalized_when_not_dict.py . [ 27%]
.                                                                        [ 27%]
tests/test_core/test_exceptions_legacy_exception_adapter_context_hook_point.py . [ 27%]
.                                                                        [ 27%]
tests/test_core/test_governance_coverage_closure_adapter.py ......       [ 28%]
tests/test_core/test_governance_coverage_closure_config.py ..            [ 28%]
tests/test_core/test_governance_coverage_closure_evidence.py .           [ 28%]
tests/test_core/test_governance_coverage_closure_session.py ......       [ 29%]
tests/test_core/test_guard.py ............                               [ 30%]
tests/test_core/test_hook_contract_shadow_mode.py .                      [ 31%]
tests/test_core/test_hook_governance_async_contract_mode_parity.py ..... [ 31%]
                                                                         [ 31%]
tests/test_core/test_hook_manager.py ................................... [ 35%]
....                                                                     [ 36%]
tests/test_core/test_hook_plugin_sandbox.py .                            [ 36%]
tests/test_core/test_hook_trace_context_isolation.py ..                  [ 36%]
tests/test_core/test_migration_modes.py ..                               [ 37%]
tests/test_core/test_multicall.py .................                      [ 39%]
tests/test_core/test_plan_alignment_hardening_coverage.py .............  [ 40%]
tests/test_core/test_public_exports_contract.py ...                      [ 41%]
tests/test_core/test_replay_registry_closure_binding.py ..               [ 41%]
tests/test_core/test_replay_registry_closure_parity_all_entrypoints.py . [ 41%]
...                                                                      [ 41%]
tests/test_core/test_session.py .................................        [ 45%]
tests/test_core/test_session_replay_verifier_malformed_shapes.py ....... [ 46%]
....                                                                     [ 47%]
tests/test_core/test_session_workflow_strict_happy_path.py ..            [ 47%]
tests/test_core/test_simulate_only_prior_validate_config.py .....        [ 48%]
tests/test_core/test_status_aggregation.py ..                            [ 48%]
tests/test_integration/test_full_flow.py .........                       [ 49%]
tests/test_integrations/test_langchain_tool_ainvoke_guardian_run_delegate.py . [ 49%]
                                                                         [ 49%]
tests/test_integrations/test_langchain_tool_coerce_policy_accepts_mapping_pydantic_model.py . [ 49%]
......                                                                   [ 50%]
tests/test_integrations/test_langchain_tool_coerce_policy_model_dump_branch.py . [ 50%]
                                                                         [ 50%]
tests/test_integrations/test_langchain_tool_coerce_policy_rejects_invalid_type.py . [ 50%]
                                                                         [ 50%]
tests/test_integrations/test_langchain_tool_format_security_exception_includes_policy_details.py . [ 50%]
.                                                                        [ 51%]
tests/test_integrations/test_langchain_tool_format_security_exception_policy_block_message.py . [ 51%]
.                                                                        [ 51%]
tests/test_integrations/test_langchain_tool_format_security_exception_policy_context.py . [ 51%]
..                                                                       [ 51%]
tests/test_integrations/test_langchain_tool_invoke_guardian_plain_string_result_policy_merge.py . [ 51%]
.                                                                        [ 51%]
tests/test_integrations/test_langchain_tool_invoke_guardian_uses_default_intent_stringifies_plain_result.py . [ 52%]
                                                                         [ 52%]
tests/test_integrations/test_langchain_tool_run_arun_delegate_to_guardian_paths.py . [ 52%]
                                                                         [ 52%]
tests/test_intents/test_translator.py ...                                [ 52%]
tests/test_layers/test_defi_parser_validate_rejects_non_hex_short_payload.py . [ 52%]
.                                                                        [ 52%]
tests/test_layers/test_l1_intent.py ..................                   [ 55%]
tests/test_layers/test_l2_schema.py ...............                      [ 56%]
tests/test_layers/test_l3_defi_parser.py ............................... [ 60%]
...........................                                              [ 64%]
tests/test_layers/test_l3_defi_parser_collect_v3_path_rejects_too_short_path.py . [ 64%]
.                                                                        [ 64%]
tests/test_layers/test_l3_defi_parser_decoder_plugin_path.py ..          [ 64%]
tests/test_layers/test_l3_defi_parser_direct_validation_non_string_empty_payload.py . [ 64%]
.                                                                        [ 64%]
tests/test_layers/test_l3_defi_parser_enforce_addresses_noop_when_no_policy_limits.py . [ 64%]
                                                                         [ 64%]
tests/test_layers/test_l3_defi_parser_multicall_depth_decode_errors.py . [ 65%]
..                                                                       [ 65%]
tests/test_layers/test_l3_defi_parser_multicall_nesting_limit_selector_blocks.py . [ 65%]
                                                                         [ 65%]
tests/test_layers/test_l3_defi_parser_v3_swap_path_validates_hops_amounts.py . [ 65%]
..                                                                       [ 65%]
tests/test_layers/test_l3_defi_parser_validate_rejects_non_string_data_to.py . [ 65%]
..                                                                       [ 66%]
tests/test_layers/test_l3_defi_parser_validate_rejects_short_v3_payload_route_poison.py . [ 66%]
...                                                                      [ 66%]
tests/test_layers/test_l4_rpc_evidence_modes.py ..                       [ 66%]
tests/test_layers/test_l4_rpc_manager.py .........................       [ 69%]
tests/test_layers/test_l4_rpc_manager_async_quorum_provider_normalize_serialize_tuple_nested_hex.py . [ 70%]
.                                                                        [ 70%]
tests/test_layers/test_l4_rpc_manager_disagreement_report.py ........... [ 71%]
..                                                                       [ 71%]
tests/test_layers/test_l4_rpc_manager_hash_result_is_deterministic_for_nested_structures.py . [ 71%]
                                                                         [ 71%]
tests/test_layers/test_l4_rpc_manager_is_quota_exhausted_normalize_tuple.py . [ 72%]
                                                                         [ 72%]
tests/test_layers/test_l4_rpc_manager_normalize_value_hash_result_paths.py . [ 72%]
                                                                         [ 72%]
tests/test_layers/test_l4_rpc_manager_normalize_value_invalid_hex_returns_lowercased_string.py . [ 72%]
.                                                                        [ 72%]
tests/test_layers/test_l4_rpc_manager_quorum_eth_call_rejects_empty_rpc_urls_with_consensus_failure.py . [ 72%]
                                                                         [ 72%]
tests/test_layers/test_l4_rpc_manager_quorum_eth_call_rejects_negative_target_block.py . [ 72%]
.                                                                        [ 72%]
tests/test_layers/test_l4_rpc_manager_quorum_provider_empty_best_url_snapshot.py . [ 72%]
                                                                         [ 72%]
tests/test_layers/test_l4_rpc_manager_quorum_provider_empty_raises_on_refresh.py . [ 73%]
                                                                         [ 73%]
tests/test_layers/test_l4_rpc_manager_quorum_provider_empty_raises_on_refresh_2.py . [ 73%]
                                                                         [ 73%]
tests/test_layers/test_l4_rpc_manager_quorum_provider_quorum_failed_context_snapshot_fields.py . [ 73%]
                                                                         [ 73%]
tests/test_layers/test_l4_rpc_manager_quorum_provider_retry_call_success_timeout.py . [ 73%]
                                                                         [ 73%]
tests/test_layers/test_l4_rpc_manager_quorum_provider_snapshot_best_url_property.py . [ 73%]
.                                                                        [ 73%]
tests/test_layers/test_l4_rpc_manager_retry_call_non_retryable_quorum_failed_context.py . [ 73%]
                                                                         [ 73%]
tests/test_layers/test_l4_rpc_manager_retry_call_timeout_after_elapsed_budget.py . [ 73%]
                                                                         [ 73%]
tests/test_layers/test_l4_rpc_manager_retry_call_zero_retry_budget_hits_unreachable_state.py . [ 74%]
.                                                                        [ 74%]
tests/test_layers/test_l4_rpc_manager_rpc_manager_classifies_errors_failure_context.py . [ 74%]
.                                                                        [ 74%]
tests/test_layers/test_l4_rpc_manager_rpc_manager_classify_other_snapshot_cooldown_success.py . [ 74%]
...                                                                      [ 74%]
tests/test_layers/test_l4_rpc_manager_rpc_manager_failure_context_classification.py . [ 75%]
..                                                                       [ 75%]
tests/test_layers/test_l4_rpc_manager_snapshot_has_consistent_shape.py . [ 75%]
                                                                         [ 75%]
tests/test_layers/test_l4_rpc_manager_snapshot_keys_best_url_property_are_consistent.py . [ 75%]
                                                                         [ 75%]
tests/test_layers/test_l5_sandbox.py ..............................      [ 79%]
tests/test_layers/test_l5_sandbox_simulation_engine_decode_revert_variants.py . [ 79%]
.                                                                        [ 79%]
tests/test_layers/test_l5_sandbox_state_delta_validator_exact_upper_lower_bounds.py . [ 79%]
.                                                                        [ 79%]
tests/test_layers/test_proxy_piercer.py ....                             [ 80%]
tests/test_layers/test_proxy_piercer_abi_cache_db_stale_set_update_close_idempotent.py . [ 80%]
.....                                                                    [ 80%]
tests/test_layers/test_proxy_piercer_abi_cache_get_purges_stale_memory_entry.py . [ 81%]
....                                                                     [ 81%]
tests/test_layers/test_proxy_piercer_copy_inspection_result_allows_plain_dicts.py . [ 81%]
                                                                         [ 81%]
tests/test_layers/test_proxy_piercer_copy_inspection_result_keeps_non_resolution_path_fields.py . [ 81%]
                                                                         [ 81%]
tests/test_layers/test_proxy_piercer_copy_inspection_result_missing_resolution_path_passthrough.py . [ 81%]
                                                                         [ 81%]
tests/test_layers/test_proxy_piercer_copy_inspection_result_nested_dict_passthrough.py . [ 82%]
                                                                         [ 82%]
tests/test_layers/test_proxy_piercer_copy_inspection_result_nested_resolution_path_list_passthrough.py . [ 82%]
                                                                         [ 82%]
tests/test_layers/test_proxy_piercer_copy_inspection_result_preserves_empty_result.py . [ 82%]
                                                                         [ 82%]
tests/test_layers/test_proxy_piercer_copy_inspection_result_resolution_path_conversion_only.py . [ 82%]
                                                                         [ 82%]
tests/test_layers/test_proxy_piercer_decode_abi_address_rejects_zero_bad_codec_output.py . [ 82%]
                                                                         [ 82%]
tests/test_layers/test_proxy_piercer_proxy_piercer_copy_inspection_result_leaves_lists_untouched.py . [ 82%]
                                                                         [ 82%]
tests/test_layers/test_proxy_piercer_proxy_piercer_copy_result_inspection_cache_path.py . [ 82%]
                                                                         [ 82%]
tests/test_layers/test_proxy_piercer_proxy_piercer_diamond_resolution_copy_semantics.py . [ 82%]
                                                                         [ 82%]
tests/test_layers/test_proxy_piercer_proxy_piercer_direct_eip1967_paths.py . [ 83%]
..                                                                       [ 83%]
tests/test_layers/test_proxy_piercer_proxy_piercer_prefers_cache_copy_fetch_abi_cache.py . [ 83%]
.                                                                        [ 83%]
tests/test_layers/test_proxy_piercer_proxy_piercer_read_slot_cache_close_paths.py . [ 83%]
                                                                         [ 83%]
tests/test_layers/test_proxy_piercer_proxy_piercer_snapshot_cache_pruning.py . [ 83%]
                                                                         [ 83%]
tests/test_layers/test_proxy_piercer_resolve_diamond_beacon_none_decode_failures.py . [ 83%]
                                                                         [ 83%]
tests/test_layers/test_proxy_piercer_snapshot_copy_result_stable.py .    [ 84%]
tests/test_layers/test_proxy_piercer_snapshot_keys_include_cache_controls.py . [ 84%]
                                                                         [ 84%]
tests/test_layers/test_proxy_piercer_snapshot_reports_cache_shape_result_copying.py . [ 84%]
                                                                         [ 84%]
tests/test_layers/test_proxy_piercer_strict_abi_decode_requires_eth_abi.py . [ 84%]
                                                                         [ 84%]
tests/test_layers/test_rpc_manager_classify_health_context.py ...        [ 84%]
tests/test_layers/test_sandbox_simulator.py ...                          [ 85%]
tests/test_layers/test_sandbox_simulator_decode_revert_custom_error_fallback_none.py . [ 85%]
                                                                         [ 85%]
tests/test_layers/test_sandbox_simulator_decode_revert_error_panic_decoding_paths.py . [ 85%]
                                                                         [ 85%]
tests/test_layers/test_sandbox_simulator_decode_revert_error_panic_messages.py . [ 85%]
.                                                                        [ 85%]
tests/test_layers/test_sandbox_simulator_decode_revert_error_panic_paths.py . [ 85%]
...                                                                      [ 86%]
tests/test_layers/test_sandbox_simulator_decode_revert_panic_custom_error_strings.py . [ 86%]
                                                                         [ 86%]
tests/test_layers/test_sandbox_simulator_decode_revert_short_payload_none_result.py . [ 86%]
                                                                         [ 86%]
tests/test_layers/test_sandbox_simulator_decode_value_error_hex_to_bytes_paths.py . [ 86%]
.                                                                        [ 86%]
tests/test_layers/test_sandbox_simulator_decode_value_error_no_args_error_string.py . [ 86%]
                                                                         [ 86%]
tests/test_layers/test_sandbox_simulator_decode_value_error_no_args_string_passthrough.py . [ 86%]
                                                                         [ 86%]
tests/test_layers/test_sandbox_simulator_hex_to_bytes_custom_error_bad_hex.py . [ 87%]
                                                                         [ 87%]
tests/test_layers/test_sandbox_simulator_hex_to_bytes_whitespace_invalid_prefix.py . [ 87%]
                                                                         [ 87%]
tests/test_layers/test_sandbox_simulator_normalize_payload_data_message_uses_first_string_field.py . [ 87%]
                                                                         [ 87%]
tests/test_layers/test_sandbox_simulator_normalize_payload_message_data_precedence.py . [ 87%]
                                                                         [ 87%]
tests/test_layers/test_sandbox_simulator_normalize_payload_message_dict_non_string_ignored.py . [ 87%]
                                                                         [ 87%]
tests/test_layers/test_sandbox_simulator_normalize_payload_prefers_data_over_message_non_dict.py . [ 87%]
                                                                         [ 87%]
tests/test_layers/test_sandbox_simulator_normalize_payload_variants_custom_error_fallback.py . [ 87%]
                                                                         [ 87%]
tests/test_layers/test_sandbox_simulator_normalize_value_dict_tuple_values.py . [ 87%]
                                                                         [ 87%]
tests/test_layers/test_sandbox_simulator_state_delta_validator_reads_nested_metrics_missing_return.py . [ 88%]
..                                                                       [ 88%]
tests/test_layers/test_shadow_auditor.py ..                              [ 88%]
tests/test_layers/test_shadow_auditor_any_target_policy_allows_valid_payload.py . [ 88%]
                                                                         [ 88%]
tests/test_layers/test_shadow_auditor_forbidden_method_policy_enforcement.py . [ 88%]
.                                                                        [ 88%]
tests/test_layers/test_shadow_auditor_policy_blocks_disallowed_target_and_method.py . [ 88%]
                                                                         [ 88%]
tests/test_layers/test_shadow_auditor_policy_bundle.py ..........        [ 90%]
tests/test_layers/test_shadow_auditor_policy_normalization_and_defaults.py . [ 90%]
..                                                                       [ 90%]
tests/test_layers/test_shadow_auditor_policy_resolution_and_metric_fallbacks.py . [ 90%]
..                                                                       [ 90%]
tests/test_layers/test_shadow_auditor_schema_address_validation_and_metric_none.py . [ 91%]
.                                                                        [ 91%]
tests/test_layers/test_shadow_auditor_schema_forbidden_methods_validation.py . [ 91%]
.                                                                        [ 91%]
tests/test_layers/test_shadow_auditor_schema_normalization_and_metric_read.py . [ 91%]
                                                                         [ 91%]
tests/test_layers/test_shadow_auditor_shadow_auditor_nested_metrics_policy_resolution.py . [ 91%]
.                                                                        [ 91%]
tests/test_layers/test_shadow_auditor_shadow_policy_schema_rejects_boolean_malformed_methods.py . [ 91%]
..                                                                       [ 92%]
tests/test_layers/test_shield_simulator_coverage_state_delta_validator_defaults_return_data_when_metrics.py . [ 92%]
.......                                                                  [ 93%]
tests/test_legacy/test_lirix_guard_last_trace_documented_keys.py .       [ 93%]
tests/test_quorum_bft.py .........                                       [ 94%]
tests/test_registry/test_bridges.py ..                                   [ 94%]
tests/test_tools/test_contract_manifest_gate.py ....                     [ 95%]
tests/test_v15_cli_ignition.py .......                                   [ 96%]
tests/test_v15_cli_ignition_parse_env_lines_drops_invalid_dedupes.py ... [ 96%]
                                                                         [ 96%]
tests/test_v15_final_coverage_push.py ........                           [ 97%]
tests/test_v15_intelligence.py ..........                                [ 98%]
tests/test_v15_vivisection_e2e.py .                                      [ 98%]
tests/test_v1_1_2_hardened_final.py .....                                [ 99%]
tests/test_v1_2_0_state_delta.py ...                                     [ 99%]
tests/test_v1_3_0_cross_chain.py ..
ERROR: Coverage failure: total of 98 is less than fail-under=100
                                                                         [100%]

=============================== warnings summary ===============================
tests/test_core/test_config_authority_precedence.py::test_strict_mode_conflict_priority_is_stable_for_multi_conflict_input[overlap-prioritized-over-stack-modes]
tests/test_core/test_config_authority_precedence.py::test_strict_mode_conflict_priority_is_stable_for_multi_conflict_input[allowed_to-overlap-prioritized-over-stack-modes]
  /Users/dingjunqing/Desktop/Lirix/.venv_ci312/lib/python3.12/site-packages/pydantic/main.py:263: DeprecationWarning: policy_lifecycle_mode=legacy is retired; coercing to digest_verified.
    validated_self = self.__pydantic_validator__.validate_python(data, self_instance=self)

tests/test_core/test_config_authority_precedence.py::test_strict_mode_conflict_priority_is_stable_for_multi_conflict_input[overlap-prioritized-over-stack-modes]
tests/test_core/test_config_authority_precedence.py::test_strict_mode_conflict_priority_is_stable_for_multi_conflict_input[allowed_to-overlap-prioritized-over-stack-modes]
  /Users/dingjunqing/Desktop/Lirix/.venv_ci312/lib/python3.12/site-packages/pydantic/main.py:263: DeprecationWarning: rpc_evidence_mode=legacy is retired; coercing to v2_only.
    validated_self = self.__pydantic_validator__.validate_python(data, self_instance=self)

tests/test_core/test_migration_modes.py::test_signed_only_maps_to_effective_digest_verified
  /Users/dingjunqing/Desktop/Lirix/.venv_ci312/lib/python3.12/site-packages/pydantic/main.py:263: DeprecationWarning: policy_lifecycle_mode=signed_only is deprecated; use digest_verified.
    validated_self = self.__pydantic_validator__.validate_python(data, self_instance=self)

-- Docs: https://docs.pytest.org/en/stable/how-to/capture-warnings.html
================================ tests coverage ================================
______________ coverage: platform darwin, python 3.12.13-final-0 _______________

Name                                Stmts   Miss Branch BrPart  Cover   Missing
-------------------------------------------------------------------------------
lirix/_client_core.py                 425     69     66      1    85%   169, 1013-1129, 1435-1595
lirix/core/config_authority.py         63      5     32      3    92%   48, 87-88, 116-117
lirix/core/config_governance.py        38      1     18      1    96%   81
lirix/core/constants.py               157      1     28      1    99%   24
lirix/core/session.py                 351      3    200      5    99%   291->exit, 348, 355, 358, 360->362
lirix/layers/l5_shadow_auditor.py     218      4     96      7    96%   170-171, 233->246, 285, 291->294, 295->298, 296->295, 326
lirix/legacy-guard-removed.py                 101      3     36      5    94%   63->65, 73, 75->79, 137, 178, 225->227
-------------------------------------------------------------------------------
TOTAL                                4536     86   1446     23    98%

46 files skipped due to complete coverage.
Coverage XML written to file coverage.xml
FAIL Required test coverage of 100% not reached. Total coverage: 98.11%
======================= 809 passed, 5 warnings in 39.33s =======================
